// Jest Snapshot v1, https://goo.gl/fbAQLP

exports[`renders a snapshot of <MovieCard /> 1`] = `
<div
  className="sc-eCImPb iTldMi"
>
  snapshots
</div>
`;
